> Task :app:preBuild UP-TO-DATE
> Task :app:preDebugBuild UP-TO-DATE
> Task :app:mergeDebugNativeDebugMetadata NO-SOURCE
> Task :app:checkKotlinGradlePluginConfigurationErrors SKIPPED
> Task :app:generateDebugResValues UP-TO-DATE
> Task :app:mapDebugSourceSetPaths UP-TO-DATE
> Task :app:generateDebugResources UP-TO-DATE
> Task :app:mergeDebugResources UP-TO-DATE
> Task :app:checkDebugAarMetadata FAILED
> Task :app:packageDebugResources
./gradlew : 
At line:1 char:1
+ ./gradlew assembleDebug 
--stacktrace > 
build_error.log 2>&1
+ ~~~~~~~~~~~~~~~~~~~~~~~~~~~
~~~~~~~~~~~~~~~~~~~~~~~~~~~~~
~~~
    + CategoryInfo           
   : NotSpecified: (:String  
  ) [], RemoteException
    + FullyQualifiedErrorId  
   : NativeCommandError
 
FAILURE: Build failed with 
an exception.

* What went wrong:
Execution failed for task 
':app:checkDebugAarMetadata'.
> A failure occurred while 
executing com.android.build.g
radle.internal.tasks.CheckAar
MetadataWorkAction
   > 7 issues were found 
when checking AAR metadata:
     
       1.  Dependency 'androi
dx.navigationevent:navigation
event-android:1.0.0' 
requires libraries and 
applications that
           depend on it to 
compile against version 36 
or later of the
           Android APIs.
     
           :app is currently 
compiled against android-35.
     
           Recommended 
action: Update this project 
to use a newer compileSdk
           of at least 36, 
for example 36.
     
           Note that 
updating a library or 
application's compileSdk 
(which
           allows newer APIs 
to be used) can be done 
separately from updating
           targetSdk (which 
opts the app in to new 
runtime behavior) and
           minSdk (which 
determines which devices the 
app can be installed
           on).
     
       2.  Dependency 'androi
dx.navigationevent:navigation
event-compose-android:1.0.0' 
requires libraries and 
applications that
           depend on it to 
compile against version 36 
or later of the
           Android APIs.
     
           :app is currently 
compiled against android-35.
     
           Recommended 
action: Update this project 
to use a newer compileSdk
           of at least 36, 
for example 36.
     
           Note that 
updating a library or 
application's compileSdk 
(which
           allows newer APIs 
to be used) can be done 
separately from updating
           targetSdk (which 
opts the app in to new 
runtime behavior) and
           minSdk (which 
determines which devices the 
app can be installed
           on).
     
       3.  Dependency 'androi
dx.activity:activity-ktx:1.12
.0' requires libraries and 
applications that
           depend on it to 
compile against version 36 
or later of the
           Android APIs.
     
           :app is currently 
compiled against android-35.
     
           Recommended 
action: Update this project 
to use a newer compileSdk
           of at least 36, 
for example 36.
     
           Note that 
updating a library or 
application's compileSdk 
(which
           allows newer APIs 
to be used) can be done 
separately from updating
           targetSdk (which 
opts the app in to new 
runtime behavior) and
           minSdk (which 
determines which devices the 
app can be installed
           on).
     
       4.  Dependency 'androi
dx.activity:activity:1.12.0' 
requires libraries and 
applications that
           depend on it to 
compile against version 36 
or later of the
           Android APIs.
     
           :app is currently 
compiled against android-35.
     
           Recommended 
action: Update this project 
to use a newer compileSdk
           of at least 36, 
for example 36.
     
           Note that 
updating a library or 
application's compileSdk 
(which
           allows newer APIs 
to be used) can be done 
separately from updating
           targetSdk (which 
opts the app in to new 
runtime behavior) and
           minSdk (which 
determines which devices the 
app can be installed
           on).
     
       5.  Dependency 'androi
dx.activity:activity-compose:
1.12.0' requires libraries 
and applications that
           depend on it to 
compile against version 36 
or later of the
           Android APIs.
     
           :app is currently 
compiled against android-35.
     
           Recommended 
action: Update this project 
to use a newer compileSdk
           of at least 36, 
for example 36.
     
           Note that 
updating a library or 
application's compileSdk 
(which
           allows newer APIs 
to be used) can be done 
separately from updating
           targetSdk (which 
opts the app in to new 
runtime behavior) and
           minSdk (which 
determines which devices the 
app can be installed
           on).
     
       6.  Dependency 
'androidx.core:core:1.17.0' 
requires libraries and 
applications that
           depend on it to 
compile against version 36 
or later of the
           Android APIs.
     
           :app is currently 
compiled against android-35.
     
           Recommended 
action: Update this project 
to use a newer compileSdk
           of at least 36, 
for example 36.
     
           Note that 
updating a library or 
application's compileSdk 
(which
           allows newer APIs 
to be used) can be done 
separately from updating
           targetSdk (which 
opts the app in to new 
runtime behavior) and
           minSdk (which 
determines which devices the 
app can be installed
           on).
     
       7.  Dependency 'androi
dx.core:core-ktx:1.17.0' 
requires libraries and 
applications that
           depend on it to 
compile against version 36 
or later of the
           Android APIs.
     
           :app is currently 
compiled against android-35.
     
           Recommended 
action: Update this project 
to use a newer compileSdk
           of at least 36, 
for example 36.
     
           Note that 
updating a library or 
application's compileSdk 
(which
           allows newer APIs 
to be used) can be done 
separately from updating
           targetSdk (which 
opts the app in to new 
runtime behavior) and
           minSdk (which 
determines which devices the 
app can be installed
           on).

* Try:
> Run with --info or --debug 
option to get more log 
output.
> Run with --scan to get 
full insights.
> Get more help at 
https://help.gradle.org.

* Exception is:
org.gradle.api.tasks.TaskExec
utionException: Execution 
failed for task 
':app:checkDebugAarMetadata'.
	at org.gradle.api.internal.t
asks.execution.ExecuteActions
TaskExecuter.lambda$executeIf
Valid$1(ExecuteActionsTaskExe
cuter.java:130)
	at org.gradle.internal.Try$F
ailure.ifSuccessfulOrElse(Try
.java:293)
	at org.gradle.api.internal.t
asks.execution.ExecuteActions
TaskExecuter.executeIfValid(E
xecuteActionsTaskExecuter.jav
a:128)
	at org.gradle.api.internal.t
asks.execution.ExecuteActions
TaskExecuter.execute(ExecuteA
ctionsTaskExecuter.java:116)
	at org.gradle.api.internal.t
asks.execution.FinalizeProper
tiesTaskExecuter.execute(Fina
lizePropertiesTaskExecuter.ja
va:46)
	at org.gradle.api.internal.t
asks.execution.ResolveTaskExe
cutionModeExecuter.execute(Re
solveTaskExecutionModeExecute
r.java:51)
	at org.gradle.api.internal.t
asks.execution.SkipTaskWithNo
ActionsExecuter.execute(SkipT
askWithNoActionsExecuter.java
:57)
	at org.gradle.api.internal.t
asks.execution.SkipOnlyIfTask
Executer.execute(SkipOnlyIfTa
skExecuter.java:74)
	at org.gradle.api.internal.t
asks.execution.CatchException
TaskExecuter.execute(CatchExc
eptionTaskExecuter.java:36)
	at org.gradle.api.internal.t
asks.execution.EventFiringTas
kExecuter$1.executeTask(Event
FiringTaskExecuter.java:77)
	at org.gradle.api.internal.t
asks.execution.EventFiringTas
kExecuter$1.call(EventFiringT
askExecuter.java:55)
	at org.gradle.api.internal.t
asks.execution.EventFiringTas
kExecuter$1.call(EventFiringT
askExecuter.java:52)
	at org.gradle.internal.opera
tions.DefaultBuildOperationRu
nner$CallableBuildOperationWo
rker.execute(DefaultBuildOper
ationRunner.java:209)
	at org.gradle.internal.opera
tions.DefaultBuildOperationRu
nner$CallableBuildOperationWo
rker.execute(DefaultBuildOper
ationRunner.java:204)
	at org.gradle.internal.opera
tions.DefaultBuildOperationRu
nner$2.execute(DefaultBuildOp
erationRunner.java:66)
	at org.gradle.internal.opera
tions.DefaultBuildOperationRu
nner$2.execute(DefaultBuildOp
erationRunner.java:59)
	at org.gradle.internal.opera
tions.DefaultBuildOperationRu
nner.execute(DefaultBuildOper
ationRunner.java:166)
	at org.gradle.internal.opera
tions.DefaultBuildOperationRu
nner.execute(DefaultBuildOper
ationRunner.java:59)
	at org.gradle.internal.opera
tions.DefaultBuildOperationRu
nner.call(DefaultBuildOperati
onRunner.java:53)
	at org.gradle.api.internal.t
asks.execution.EventFiringTas
kExecuter.execute(EventFiring
TaskExecuter.java:52)
	at org.gradle.execution.plan
.LocalTaskNodeExecutor.execut
e(LocalTaskNodeExecutor.java:
42)
	at org.gradle.execution.task
graph.DefaultTaskExecutionGra
ph$InvokeNodeExecutorsAction.
execute(DefaultTaskExecutionG
raph.java:331)
	at org.gradle.execution.task
graph.DefaultTaskExecutionGra
ph$InvokeNodeExecutorsAction.
execute(DefaultTaskExecutionG
raph.java:318)
	at org.gradle.execution.task
graph.DefaultTaskExecutionGra
ph$BuildOperationAwareExecuti
onAction.lambda$execute$0(Def
aultTaskExecutionGraph.java:3
14)
	at org.gradle.internal.opera
tions.CurrentBuildOperationRe
f.with(CurrentBuildOperationR
ef.java:85)
	at org.gradle.execution.task
graph.DefaultTaskExecutionGra
ph$BuildOperationAwareExecuti
onAction.execute(DefaultTaskE
xecutionGraph.java:314)
	at org.gradle.execution.task
graph.DefaultTaskExecutionGra
ph$BuildOperationAwareExecuti
onAction.execute(DefaultTaskE
xecutionGraph.java:303)
	at org.gradle.execution.plan
.DefaultPlanExecutor$Executor
Worker.execute(DefaultPlanExe
cutor.java:459)
	at org.gradle.execution.plan
.DefaultPlanExecutor$Executor
Worker.run(DefaultPlanExecuto
r.java:376)
	at org.gradle.execution.plan
.DefaultPlanExecutor.process(
DefaultPlanExecutor.java:111)
	at org.gradle.execution.task
graph.DefaultTaskExecutionGra
ph.executeWithServices(Defaul
tTaskExecutionGraph.java:138)
	at org.gradle.execution.task
graph.DefaultTaskExecutionGra
ph.execute(DefaultTaskExecuti
onGraph.java:123)
	at org.gradle.execution.Sele
ctedTaskExecutionAction.execu
te(SelectedTaskExecutionActio
n.java:35)
	at org.gradle.execution.DryR
unBuildExecutionAction.execut
e(DryRunBuildExecutionAction.
java:51)
	at org.gradle.execution.Buil
dOperationFiringBuildWorkerEx
ecutor$ExecuteTasks.call(Buil
dOperationFiringBuildWorkerEx
ecutor.java:54)
	at org.gradle.execution.Buil
dOperationFiringBuildWorkerEx
ecutor$ExecuteTasks.call(Buil
dOperationFiringBuildWorkerEx
ecutor.java:43)
	at org.gradle.internal.opera
tions.DefaultBuildOperationRu
nner$CallableBuildOperationWo
rker.execute(DefaultBuildOper
ationRunner.java:209)
	at org.gradle.internal.opera
tions.DefaultBuildOperationRu
nner$CallableBuildOperationWo
rker.execute(DefaultBuildOper
ationRunner.java:204)
	at org.gradle.internal.opera
tions.DefaultBuildOperationRu
nner$2.execute(DefaultBuildOp
erationRunner.java:66)
	at org.gradle.internal.opera
tions.DefaultBuildOperationRu
nner$2.execute(DefaultBuildOp
erationRunner.java:59)
	at org.gradle.internal.opera
tions.DefaultBuildOperationRu
nner.execute(DefaultBuildOper
ationRunner.java:166)
	at org.gradle.internal.opera
tions.DefaultBuildOperationRu
nner.execute(DefaultBuildOper
ationRunner.java:59)
	at org.gradle.internal.opera
tions.DefaultBuildOperationRu
nner.call(DefaultBuildOperati
onRunner.java:53)
	at org.gradle.execution.Buil
dOperationFiringBuildWorkerEx
ecutor.execute(BuildOperation
FiringBuildWorkerExecutor.jav
a:40)
	at org.gradle.internal.build
.DefaultBuildLifecycleControl
ler.lambda$executeTasks$10(De
faultBuildLifecycleController
.java:313)
	at org.gradle.internal.model
.StateTransitionController.do
Transition(StateTransitionCon
troller.java:266)
	at org.gradle.internal.model
.StateTransitionController.la
mbda$tryTransition$8(StateTra
nsitionController.java:177)
	at org.gradle.internal.work.
DefaultSynchronizer.withLock(
DefaultSynchronizer.java:46)
	at org.gradle.internal.model
.StateTransitionController.tr
yTransition(StateTransitionCo
ntroller.java:177)
	at org.gradle.internal.build
.DefaultBuildLifecycleControl
ler.executeTasks(DefaultBuild
LifecycleController.java:304)
	at org.gradle.internal.build
.DefaultBuildWorkGraphControl
ler$DefaultBuildWorkGraph.run
Work(DefaultBuildWorkGraphCon
troller.java:220)
	at org.gradle.internal.work.
DefaultWorkerLeaseService.wit
hLocks(DefaultWorkerLeaseServ
ice.java:263)
	at org.gradle.internal.work.
DefaultWorkerLeaseService.run
AsWorkerThread(DefaultWorkerL
easeService.java:127)
	at org.gradle.composite.inte
rnal.DefaultBuildController.d
oRun(DefaultBuildController.j
ava:181)
	at org.gradle.composite.inte
rnal.DefaultBuildController.a
ccess$000(DefaultBuildControl
ler.java:50)
	at org.gradle.composite.inte
rnal.DefaultBuildController$B
uildOpRunnable.lambda$run$0(D
efaultBuildController.java:19
8)
	at org.gradle.internal.opera
tions.CurrentBuildOperationRe
f.with(CurrentBuildOperationR
ef.java:85)
	at org.gradle.composite.inte
rnal.DefaultBuildController$B
uildOpRunnable.run(DefaultBui
ldController.java:198)
	at org.gradle.internal.concu
rrent.ExecutorPolicy$CatchAnd
RecordFailures.onExecute(Exec
utorPolicy.java:64)
	at org.gradle.internal.concu
rrent.AbstractManagedExecutor
$1.run(AbstractManagedExecuto
r.java:48)
Caused by: org.gradle.workers
.internal.DefaultWorkerExecut
or$WorkExecutionException: A 
failure occurred while 
executing com.android.build.g
radle.internal.tasks.CheckAar
MetadataWorkAction
	at org.gradle.workers.intern
al.DefaultWorkerExecutor$Work
ItemExecution.waitForCompleti
on(DefaultWorkerExecutor.java
:287)
	at org.gradle.internal.work.
DefaultAsyncWorkTracker.lambd
a$waitForItemsAndGatherFailur
es$2(DefaultAsyncWorkTracker.
java:130)
	at org.gradle.internal.Facto
ries$1.create(Factories.java:
31)
	at org.gradle.internal.work.
DefaultWorkerLeaseService.wit
houtLocks(DefaultWorkerLeaseS
ervice.java:335)
	at org.gradle.internal.work.
DefaultWorkerLeaseService.wit
houtLocks(DefaultWorkerLeaseS
ervice.java:318)
	at org.gradle.internal.work.
DefaultWorkerLeaseService.wit
houtLock(DefaultWorkerLeaseSe
rvice.java:323)
	at org.gradle.internal.work.
DefaultAsyncWorkTracker.waitF
orItemsAndGatherFailures(Defa
ultAsyncWorkTracker.java:126)
	at org.gradle.internal.work.
DefaultAsyncWorkTracker.waitF
orItemsAndGatherFailures(Defa
ultAsyncWorkTracker.java:92)
	at org.gradle.internal.work.
DefaultAsyncWorkTracker.waitF
orAll(DefaultAsyncWorkTracker
.java:78)
	at org.gradle.internal.work.
DefaultAsyncWorkTracker.waitF
orCompletion(DefaultAsyncWork
Tracker.java:66)
	at org.gradle.api.internal.t
asks.execution.TaskExecution$
3.run(TaskExecution.java:252)
	at org.gradle.internal.opera
tions.DefaultBuildOperationRu
nner$1.execute(DefaultBuildOp
erationRunner.java:29)
	at org.gradle.internal.opera
tions.DefaultBuildOperationRu
nner$1.execute(DefaultBuildOp
erationRunner.java:26)
	at org.gradle.internal.opera
tions.DefaultBuildOperationRu
nner$2.execute(DefaultBuildOp
erationRunner.java:66)
	at org.gradle.internal.opera
tions.DefaultBuildOperationRu
nner$2.execute(DefaultBuildOp
erationRunner.java:59)
	at org.gradle.internal.opera
tions.DefaultBuildOperationRu
nner.execute(DefaultBuildOper
ationRunner.java:166)
	at org.gradle.internal.opera
tions.DefaultBuildOperationRu
nner.execute(DefaultBuildOper
ationRunner.java:59)
	at org.gradle.internal.opera
tions.DefaultBuildOperationRu
nner.run(DefaultBuildOperatio
nRunner.java:47)
	at org.gradle.api.internal.t
asks.execution.TaskExecution.
executeAction(TaskExecution.j
ava:229)
	at org.gradle.api.internal.t
asks.execution.TaskExecution.
executeActions(TaskExecution.
java:212)
	at org.gradle.api.internal.t
asks.execution.TaskExecution.
executeWithPreviousOutputFile
s(TaskExecution.java:195)
	at org.gradle.api.internal.t
asks.execution.TaskExecution.
execute(TaskExecution.java:16
2)
	at org.gradle.internal.execu
tion.steps.ExecuteStep.execut
eInternal(ExecuteStep.java:10
5)
	at org.gradle.internal.execu
tion.steps.ExecuteStep.access
$000(ExecuteStep.java:44)
	at org.gradle.internal.execu
tion.steps.ExecuteStep$1.call
(ExecuteStep.java:59)
	at org.gradle.internal.execu
tion.steps.ExecuteStep$1.call
(ExecuteStep.java:56)
	at org.gradle.internal.opera
tions.DefaultBuildOperationRu
nner$CallableBuildOperationWo
rker.execute(DefaultBuildOper
ationRunner.java:209)
	at org.gradle.internal.opera
tions.DefaultBuildOperationRu
nner$CallableBuildOperationWo
rker.execute(DefaultBuildOper
ationRunner.java:204)
	at org.gradle.internal.opera
tions.DefaultBuildOperationRu
nner$2.execute(DefaultBuildOp
erationRunner.java:66)
	at org.gradle.internal.opera
tions.DefaultBuildOperationRu
nner$2.execute(DefaultBuildOp
erationRunner.java:59)
	at org.gradle.internal.opera
tions.DefaultBuildOperationRu
nner.execute(DefaultBuildOper
ationRunner.java:166)
	at org.gradle.internal.opera
tions.DefaultBuildOperationRu
nner.execute(DefaultBuildOper
ationRunner.java:59)
	at org.gradle.internal.opera
tions.DefaultBuildOperationRu
nner.call(DefaultBuildOperati
onRunner.java:53)
	at org.gradle.internal.execu
tion.steps.ExecuteStep.execut
e(ExecuteStep.java:56)
	at org.gradle.internal.execu
tion.steps.ExecuteStep.execut
e(ExecuteStep.java:44)
	at org.gradle.internal.execu
tion.steps.CancelExecutionSte
p.execute(CancelExecutionStep
.java:42)
	at org.gradle.internal.execu
tion.steps.TimeoutStep.execut
eWithoutTimeout(TimeoutStep.j
ava:75)
	at org.gradle.internal.execu
tion.steps.TimeoutStep.execut
e(TimeoutStep.java:55)
	at org.gradle.internal.execu
tion.steps.PreCreateOutputPar
entsStep.execute(PreCreateOut
putParentsStep.java:50)
	at org.gradle.internal.execu
tion.steps.PreCreateOutputPar
entsStep.execute(PreCreateOut
putParentsStep.java:28)
	at org.gradle.internal.execu
tion.steps.RemovePreviousOutp
utsStep.execute(RemovePreviou
sOutputsStep.java:67)
	at org.gradle.internal.execu
tion.steps.RemovePreviousOutp
utsStep.execute(RemovePreviou
sOutputsStep.java:37)
	at org.gradle.internal.execu
tion.steps.BroadcastChangingO
utputsStep.execute(BroadcastC
hangingOutputsStep.java:61)
	at org.gradle.internal.execu
tion.steps.BroadcastChangingO
utputsStep.execute(BroadcastC
hangingOutputsStep.java:26)
	at org.gradle.internal.execu
tion.steps.CaptureOutputsAfte
rExecutionStep.execute(Captur
eOutputsAfterExecutionStep.ja
va:69)
	at org.gradle.internal.execu
tion.steps.CaptureOutputsAfte
rExecutionStep.execute(Captur
eOutputsAfterExecutionStep.ja
va:46)
	at org.gradle.internal.execu
tion.steps.ResolveInputChange
sStep.execute(ResolveInputCha
ngesStep.java:40)
	at org.gradle.internal.execu
tion.steps.ResolveInputChange
sStep.execute(ResolveInputCha
ngesStep.java:29)
	at org.gradle.internal.execu
tion.steps.BuildCacheStep.exe
cuteWithoutCache(BuildCacheSt
ep.java:189)
	at org.gradle.internal.execu
tion.steps.BuildCacheStep.lam
bda$execute$1(BuildCacheStep.
java:75)
	at org.gradle.internal.Eithe
r$Right.fold(Either.java:175)
	at org.gradle.internal.execu
tion.caching.CachingState.fol
d(CachingState.java:62)
	at org.gradle.internal.execu
tion.steps.BuildCacheStep.exe
cute(BuildCacheStep.java:73)
	at org.gradle.internal.execu
tion.steps.BuildCacheStep.exe
cute(BuildCacheStep.java:48)
	at org.gradle.internal.execu
tion.steps.StoreExecutionStat
eStep.execute(StoreExecutionS
tateStep.java:46)
	at org.gradle.internal.execu
tion.steps.StoreExecutionStat
eStep.execute(StoreExecutionS
tateStep.java:35)
	at org.gradle.internal.execu
tion.steps.SkipUpToDateStep.e
xecuteBecause(SkipUpToDateSte
p.java:75)
	at org.gradle.internal.execu
tion.steps.SkipUpToDateStep.l
ambda$execute$2(SkipUpToDateS
tep.java:53)
	at org.gradle.internal.execu
tion.steps.SkipUpToDateStep.e
xecute(SkipUpToDateStep.java:
53)
	at org.gradle.internal.execu
tion.steps.SkipUpToDateStep.e
xecute(SkipUpToDateStep.java:
35)
	at org.gradle.internal.execu
tion.steps.legacy.MarkSnapsho
ttingInputsFinishedStep.execu
te(MarkSnapshottingInputsFini
shedStep.java:37)
	at org.gradle.internal.execu
tion.steps.legacy.MarkSnapsho
ttingInputsFinishedStep.execu
te(MarkSnapshottingInputsFini
shedStep.java:27)
	at org.gradle.internal.execu
tion.steps.ResolveIncremental
CachingStateStep.executeDeleg
ate(ResolveIncrementalCaching
StateStep.java:49)
	at org.gradle.internal.execu
tion.steps.ResolveIncremental
CachingStateStep.executeDeleg
ate(ResolveIncrementalCaching
StateStep.java:27)
	at org.gradle.internal.execu
tion.steps.AbstractResolveCac
hingStateStep.execute(Abstrac
tResolveCachingStateStep.java
:71)
	at org.gradle.internal.execu
tion.steps.AbstractResolveCac
hingStateStep.execute(Abstrac
tResolveCachingStateStep.java
:39)
	at org.gradle.internal.execu
tion.steps.ResolveChangesStep
.execute(ResolveChangesStep.j
ava:65)
	at org.gradle.internal.execu
tion.steps.ResolveChangesStep
.execute(ResolveChangesStep.j
ava:36)
	at org.gradle.internal.execu
tion.steps.ValidateStep.execu
te(ValidateStep.java:107)
	at org.gradle.internal.execu
tion.steps.ValidateStep.execu
te(ValidateStep.java:56)
	at org.gradle.internal.execu
tion.steps.AbstractCaptureSta
teBeforeExecutionStep.execute
(AbstractCaptureStateBeforeEx
ecutionStep.java:64)
	at org.gradle.internal.execu
tion.steps.AbstractCaptureSta
teBeforeExecutionStep.execute
(AbstractCaptureStateBeforeEx
ecutionStep.java:43)
	at org.gradle.internal.execu
tion.steps.AbstractSkipEmptyW
orkStep.executeWithNonEmptySo
urces(AbstractSkipEmptyWorkSt
ep.java:125)
	at org.gradle.internal.execu
tion.steps.AbstractSkipEmptyW
orkStep.execute(AbstractSkipE
mptyWorkStep.java:56)
	at org.gradle.internal.execu
tion.steps.AbstractSkipEmptyW
orkStep.execute(AbstractSkipE
mptyWorkStep.java:36)
	at org.gradle.internal.execu
tion.steps.legacy.MarkSnapsho
ttingInputsStartedStep.execut
e(MarkSnapshottingInputsStart
edStep.java:38)
	at org.gradle.internal.execu
tion.steps.LoadPreviousExecut
ionStateStep.execute(LoadPrev
iousExecutionStateStep.java:3
6)
	at org.gradle.internal.execu
tion.steps.LoadPreviousExecut
ionStateStep.execute(LoadPrev
iousExecutionStateStep.java:2
3)
	at org.gradle.internal.execu
tion.steps.HandleStaleOutputs
Step.execute(HandleStaleOutpu
tsStep.java:75)
	at org.gradle.internal.execu
tion.steps.HandleStaleOutputs
Step.execute(HandleStaleOutpu
tsStep.java:41)
	at org.gradle.internal.execu
tion.steps.AssignMutableWorks
paceStep.lambda$execute$0(Ass
ignMutableWorkspaceStep.java:
35)
	at org.gradle.api.internal.t
asks.execution.TaskExecution$
4.withWorkspace(TaskExecution
.java:289)
	at org.gradle.internal.execu
tion.steps.AssignMutableWorks
paceStep.execute(AssignMutabl
eWorkspaceStep.java:31)
	at org.gradle.internal.execu
tion.steps.AssignMutableWorks
paceStep.execute(AssignMutabl
eWorkspaceStep.java:22)
	at org.gradle.internal.execu
tion.steps.ChoosePipelineStep
.execute(ChoosePipelineStep.j
ava:40)
	at org.gradle.internal.execu
tion.steps.ChoosePipelineStep
.execute(ChoosePipelineStep.j
ava:23)
	at org.gradle.internal.execu
tion.steps.ExecuteWorkBuildOp
erationFiringStep.lambda$exec
ute$2(ExecuteWorkBuildOperati
onFiringStep.java:67)
	at org.gradle.internal.execu
tion.steps.ExecuteWorkBuildOp
erationFiringStep.execute(Exe
cuteWorkBuildOperationFiringS
tep.java:67)
	at org.gradle.internal.execu
tion.steps.ExecuteWorkBuildOp
erationFiringStep.execute(Exe
cuteWorkBuildOperationFiringS
tep.java:39)
	at org.gradle.internal.execu
tion.steps.IdentityCacheStep.
execute(IdentityCacheStep.jav
a:46)
	at org.gradle.internal.execu
tion.steps.IdentityCacheStep.
execute(IdentityCacheStep.jav
a:34)
	at org.gradle.internal.execu
tion.steps.IdentifyStep.execu
te(IdentifyStep.java:48)
	at org.gradle.internal.execu
tion.steps.IdentifyStep.execu
te(IdentifyStep.java:35)
	at org.gradle.internal.execu
tion.impl.DefaultExecutionEng
ine$1.execute(DefaultExecutio
nEngine.java:61)
	at org.gradle.api.internal.t
asks.execution.ExecuteActions
TaskExecuter.executeIfValid(E
xecuteActionsTaskExecuter.jav
a:127)
	at org.gradle.api.internal.t
asks.execution.ExecuteActions
TaskExecuter.execute(ExecuteA
ctionsTaskExecuter.java:116)
	at org.gradle.api.internal.t
asks.execution.FinalizeProper
tiesTaskExecuter.execute(Fina
lizePropertiesTaskExecuter.ja
va:46)
	at org.gradle.api.internal.t
asks.execution.ResolveTaskExe
cutionModeExecuter.execute(Re
solveTaskExecutionModeExecute
r.java:51)
	at org.gradle.api.internal.t
asks.execution.SkipTaskWithNo
ActionsExecuter.execute(SkipT
askWithNoActionsExecuter.java
:57)
	at org.gradle.api.internal.t
asks.execution.SkipOnlyIfTask
Executer.execute(SkipOnlyIfTa
skExecuter.java:74)
	at org.gradle.api.internal.t
asks.execution.CatchException
TaskExecuter.execute(CatchExc
eptionTaskExecuter.java:36)
	at org.gradle.api.internal.t
asks.execution.EventFiringTas
kExecuter$1.executeTask(Event
FiringTaskExecuter.java:77)
	at org.gradle.api.internal.t
asks.execution.EventFiringTas
kExecuter$1.call(EventFiringT
askExecuter.java:55)
	at org.gradle.api.internal.t
asks.execution.EventFiringTas
kExecuter$1.call(EventFiringT
askExecuter.java:52)
	at org.gradle.internal.opera
tions.DefaultBuildOperationRu
nner$CallableBuildOperationWo
rker.execute(DefaultBuildOper
ationRunner.java:209)
	at org.gradle.internal.opera
tions.DefaultBuildOperationRu
nner$CallableBuildOperationWo
rker.execute(DefaultBuildOper
ationRunner.java:204)
	at org.gradle.internal.opera
tions.DefaultBuildOperationRu
nner$2.execute(DefaultBuildOp
erationRunner.java:66)
	at org.gradle.internal.opera
tions.DefaultBuildOperationRu
nner$2.execute(DefaultBuildOp
erationRunner.java:59)
	at org.gradle.internal.opera
tions.DefaultBuildOperationRu
nner.execute(DefaultBuildOper
ationRunner.java:166)
	at org.gradle.internal.opera
tions.DefaultBuildOperationRu
nner.execute(DefaultBuildOper
ationRunner.java:59)
	at org.gradle.internal.opera
tions.DefaultBuildOperationRu
nner.call(DefaultBuildOperati
onRunner.java:53)
	at org.gradle.api.internal.t
asks.execution.EventFiringTas
kExecuter.execute(EventFiring
TaskExecuter.java:52)
	at org.gradle.execution.plan
.LocalTaskNodeExecutor.execut
e(LocalTaskNodeExecutor.java:
42)
	at org.gradle.execution.task
graph.DefaultTaskExecutionGra
ph$InvokeNodeExecutorsAction.
execute(DefaultTaskExecutionG
raph.java:331)
	at org.gradle.execution.task
graph.DefaultTaskExecutionGra
ph$InvokeNodeExecutorsAction.
execute(DefaultTaskExecutionG
raph.java:318)
	at org.gradle.execution.task
graph.DefaultTaskExecutionGra
ph$BuildOperationAwareExecuti
onAction.lambda$execute$0(Def
aultTaskExecutionGraph.java:3
14)
	at org.gradle.internal.opera
tions.CurrentBuildOperationRe
f.with(CurrentBuildOperationR
ef.java:85)
	at org.gradle.execution.task
graph.DefaultTaskExecutionGra
ph$BuildOperationAwareExecuti
onAction.execute(DefaultTaskE
xecutionGraph.java:314)
	at org.gradle.execution.task
graph.DefaultTaskExecutionGra
ph$BuildOperationAwareExecuti
onAction.execute(DefaultTaskE
xecutionGraph.java:303)
	at org.gradle.execution.plan
.DefaultPlanExecutor$Executor
Worker.execute(DefaultPlanExe
cutor.java:459)
	at org.gradle.execution.plan
.DefaultPlanExecutor$Executor
Worker.run(DefaultPlanExecuto
r.java:376)
	at org.gradle.execution.plan
.DefaultPlanExecutor.process(
DefaultPlanExecutor.java:111)
	at org.gradle.execution.task
graph.DefaultTaskExecutionGra
ph.executeWithServices(Defaul
tTaskExecutionGraph.java:138)
	at org.gradle.execution.task
graph.DefaultTaskExecutionGra
ph.execute(DefaultTaskExecuti
onGraph.java:123)
	at org.gradle.execution.Sele
ctedTaskExecutionAction.execu
te(SelectedTaskExecutionActio
n.java:35)
	at org.gradle.execution.DryR
unBuildExecutionAction.execut
e(DryRunBuildExecutionAction.
java:51)
	at org.gradle.execution.Buil
dOperationFiringBuildWorkerEx
ecutor$ExecuteTasks.call(Buil
dOperationFiringBuildWorkerEx
ecutor.java:54)
	at org.gradle.execution.Buil
dOperationFiringBuildWorkerEx
ecutor$ExecuteTasks.call(Buil
dOperationFiringBuildWorkerEx
ecutor.java:43)
	at org.gradle.internal.opera
tions.DefaultBuildOperationRu
nner$CallableBuildOperationWo
rker.execute(DefaultBuildOper
ationRunner.java:209)
	at org.gradle.internal.opera
tions.DefaultBuildOperationRu
nner$CallableBuildOperationWo
rker.execute(DefaultBuildOper
ationRunner.java:204)
	at org.gradle.internal.opera
tions.DefaultBuildOperationRu
nner$2.execute(DefaultBuildOp
erationRunner.java:66)
	at org.gradle.internal.opera
tions.DefaultBuildOperationRu
nner$2.execute(DefaultBuildOp
erationRunner.java:59)
	at org.gradle.internal.opera
tions.DefaultBuildOperationRu
nner.execute(DefaultBuildOper
ationRunner.java:166)
	at org.gradle.internal.opera
tions.DefaultBuildOperationRu
nner.execute(DefaultBuildOper
ationRunner.java:59)
	at org.gradle.internal.opera
tions.DefaultBuildOperationRu
nner.call(DefaultBuildOperati
onRunner.java:53)
	at org.gradle.execution.Buil
dOperationFiringBuildWorkerEx
ecutor.execute(BuildOperation
FiringBuildWorkerExecutor.jav
a:40)
	at org.gradle.internal.build
.DefaultBuildLifecycleControl
ler.lambda$executeTasks$10(De
faultBuildLifecycleController
.java:313)
	at org.gradle.internal.model
.StateTransitionController.do
Transition(StateTransitionCon
troller.java:266)
	at org.gradle.internal.model
.StateTransitionController.la
mbda$tryTransition$8(StateTra
nsitionController.java:177)
	at org.gradle.internal.work.
DefaultSynchronizer.withLock(
DefaultSynchronizer.java:46)
	at org.gradle.internal.model
.StateTransitionController.tr
yTransition(StateTransitionCo
ntroller.java:177)
	at org.gradle.internal.build
.DefaultBuildLifecycleControl
ler.executeTasks(DefaultBuild
LifecycleController.java:304)
	at org.gradle.internal.build
.DefaultBuildWorkGraphControl
ler$DefaultBuildWorkGraph.run
Work(DefaultBuildWorkGraphCon
troller.java:220)
	at org.gradle.internal.work.
DefaultWorkerLeaseService.wit
hLocks(DefaultWorkerLeaseServ
ice.java:263)
	at org.gradle.internal.work.
DefaultWorkerLeaseService.run
AsWorkerThread(DefaultWorkerL
easeService.java:127)
	at org.gradle.composite.inte
rnal.DefaultBuildController.d
oRun(DefaultBuildController.j
ava:181)
	at org.gradle.composite.inte
rnal.DefaultBuildController.a
ccess$000(DefaultBuildControl
ler.java:50)
	at org.gradle.composite.inte
rnal.DefaultBuildController$B
uildOpRunnable.lambda$run$0(D
efaultBuildController.java:19
8)
	at org.gradle.internal.opera
tions.CurrentBuildOperationRe
f.with(CurrentBuildOperationR
ef.java:85)
	at org.gradle.composite.inte
rnal.DefaultBuildController$B
uildOpRunnable.run(DefaultBui
ldController.java:198)
	at org.gradle.internal.concu
rrent.ExecutorPolicy$CatchAnd
RecordFailures.onExecute(Exec
utorPolicy.java:64)
	at org.gradle.internal.concu
rrent.AbstractManagedExecutor
$1.run(AbstractManagedExecuto
r.java:48)
Caused by: 
java.lang.RuntimeException: 
7 issues were found when 
checking AAR metadata:

  1.  Dependency 'androidx.na
vigationevent:navigationevent
-android:1.0.0' requires 
libraries and applications 
that
      depend on it to 
compile against version 36 
or later of the
      Android APIs.

      :app is currently 
compiled against android-35.

      Recommended action: 
Update this project to use a 
newer compileSdk
      of at least 36, for 
example 36.

      Note that updating a 
library or application's 
compileSdk (which
      allows newer APIs to 
be used) can be done 
separately from updating
      targetSdk (which opts 
the app in to new runtime 
behavior) and
      minSdk (which 
determines which devices the 
app can be installed
      on).

  2.  Dependency 'androidx.na
vigationevent:navigationevent
-compose-android:1.0.0' 
requires libraries and 
applications that
      depend on it to 
compile against version 36 
or later of the
      Android APIs.

      :app is currently 
compiled against android-35.

      Recommended action: 
Update this project to use a 
newer compileSdk
      of at least 36, for 
example 36.

      Note that updating a 
library or application's 
compileSdk (which
      allows newer APIs to 
be used) can be done 
separately from updating
      targetSdk (which opts 
the app in to new runtime 
behavior) and
      minSdk (which 
determines which devices the 
app can be installed
      on).

  3.  Dependency 'androidx.ac
tivity:activity-ktx:1.12.0' 
requires libraries and 
applications that
      depend on it to 
compile against version 36 
or later of the
      Android APIs.

      :app is currently 
compiled against android-35.

      Recommended action: 
Update this project to use a 
newer compileSdk
      of at least 36, for 
example 36.

      Note that updating a 
library or application's 
compileSdk (which
      allows newer APIs to 
be used) can be done 
separately from updating
      targetSdk (which opts 
the app in to new runtime 
behavior) and
      minSdk (which 
determines which devices the 
app can be installed
      on).

  4.  Dependency 'androidx.ac
tivity:activity:1.12.0' 
requires libraries and 
applications that
      depend on it to 
compile against version 36 
or later of the
      Android APIs.

      :app is currently 
compiled against android-35.

      Recommended action: 
Update this project to use a 
newer compileSdk
      of at least 36, for 
example 36.

      Note that updating a 
library or application's 
compileSdk (which
      allows newer APIs to 
be used) can be done 
separately from updating
6 actionable tasks: 2 executed, 4 up-to-date
      targetSdk (which opts 
the app in to new runtime 
behavior) and
      minSdk (which 
determines which devices the 
app can be installed
      on).

  5.  Dependency 'androidx.ac
tivity:activity-compose:1.12.
0' requires libraries and 
applications that
      depend on it to 
compile against version 36 
or later of the
      Android APIs.

      :app is currently 
compiled against android-35.

      Recommended action: 
Update this project to use a 
newer compileSdk
      of at least 36, for 
example 36.

      Note that updating a 
library or application's 
compileSdk (which
      allows newer APIs to 
be used) can be done 
separately from updating
      targetSdk (which opts 
the app in to new runtime 
behavior) and
      minSdk (which 
determines which devices the 
app can be installed
      on).

  6.  Dependency 
'androidx.core:core:1.17.0' 
requires libraries and 
applications that
      depend on it to 
compile against version 36 
or later of the
      Android APIs.

      :app is currently 
compiled against android-35.

      Recommended action: 
Update this project to use a 
newer compileSdk
      of at least 36, for 
example 36.

      Note that updating a 
library or application's 
compileSdk (which
      allows newer APIs to 
be used) can be done 
separately from updating
      targetSdk (which opts 
the app in to new runtime 
behavior) and
      minSdk (which 
determines which devices the 
app can be installed
      on).

  7.  Dependency 'androidx.co
re:core-ktx:1.17.0' requires 
libraries and applications 
that
      depend on it to 
compile against version 36 
or later of the
      Android APIs.

      :app is currently 
compiled against android-35.

      Recommended action: 
Update this project to use a 
newer compileSdk
      of at least 36, for 
example 36.

      Note that updating a 
library or application's 
compileSdk (which
      allows newer APIs to 
be used) can be done 
separately from updating
      targetSdk (which opts 
the app in to new runtime 
behavior) and
      minSdk (which 
determines which devices the 
app can be installed
      on).
	at com.android.build.gradle.
internal.tasks.CheckAarMetada
taWorkAction.execute(CheckAar
MetadataTask.kt:288)
	at org.gradle.workers.intern
al.DefaultWorkerServer.execut
e(DefaultWorkerServer.java:63
)
	at org.gradle.workers.intern
al.NoIsolationWorkerFactory$1
$1.create(NoIsolationWorkerFa
ctory.java:66)
	at org.gradle.workers.intern
al.NoIsolationWorkerFactory$1
$1.create(NoIsolationWorkerFa
ctory.java:62)
	at org.gradle.internal.class
loader.ClassLoaderUtils.execu
teInClassloader(ClassLoaderUt
ils.java:100)
	at org.gradle.workers.intern
al.NoIsolationWorkerFactory$1
.lambda$execute$0(NoIsolation
WorkerFactory.java:62)
	at org.gradle.workers.intern
al.AbstractWorker$1.call(Abst
ractWorker.java:44)
	at org.gradle.workers.intern
al.AbstractWorker$1.call(Abst
ractWorker.java:41)
	at org.gradle.internal.opera
tions.DefaultBuildOperationRu
nner$CallableBuildOperationWo
rker.execute(DefaultBuildOper
ationRunner.java:209)
	at org.gradle.internal.opera
tions.DefaultBuildOperationRu
nner$CallableBuildOperationWo
rker.execute(DefaultBuildOper
ationRunner.java:204)
	at org.gradle.internal.opera
tions.DefaultBuildOperationRu
nner$2.execute(DefaultBuildOp
erationRunner.java:66)
	at org.gradle.internal.opera
tions.DefaultBuildOperationRu
nner$2.execute(DefaultBuildOp
erationRunner.java:59)
	at org.gradle.internal.opera
tions.DefaultBuildOperationRu
nner.execute(DefaultBuildOper
ationRunner.java:166)
	at org.gradle.internal.opera
tions.DefaultBuildOperationRu
nner.execute(DefaultBuildOper
ationRunner.java:59)
	at org.gradle.internal.opera
tions.DefaultBuildOperationRu
nner.call(DefaultBuildOperati
onRunner.java:53)
	at org.gradle.workers.intern
al.AbstractWorker.executeWrap
pedInBuildOperation(AbstractW
orker.java:41)
	at org.gradle.workers.intern
al.NoIsolationWorkerFactory$1
.execute(NoIsolationWorkerFac
tory.java:59)
	at org.gradle.workers.intern
al.DefaultWorkerExecutor.lamb
da$submitWork$0(DefaultWorker
Executor.java:174)
	at org.gradle.internal.work.
DefaultConditionalExecutionQu
eue$ExecutionRunner.runExecut
ion(DefaultConditionalExecuti
onQueue.java:194)
	at org.gradle.internal.work.
DefaultConditionalExecutionQu
eue$ExecutionRunner.access$70
0(DefaultConditionalExecution
Queue.java:127)
	at org.gradle.internal.work.
DefaultConditionalExecutionQu
eue$ExecutionRunner$1.run(Def
aultConditionalExecutionQueue
.java:169)
	at org.gradle.internal.Facto
ries$1.create(Factories.java:
31)
	at org.gradle.internal.work.
DefaultWorkerLeaseService.wit
hLocks(DefaultWorkerLeaseServ
ice.java:263)
	at org.gradle.internal.work.
DefaultWorkerLeaseService.run
AsWorkerThread(DefaultWorkerL
easeService.java:127)
	at org.gradle.internal.work.
DefaultWorkerLeaseService.run
AsWorkerThread(DefaultWorkerL
easeService.java:132)
	at org.gradle.internal.work.
DefaultConditionalExecutionQu
eue$ExecutionRunner.runBatch(
DefaultConditionalExecutionQu
eue.java:164)
	at org.gradle.internal.work.
DefaultConditionalExecutionQu
eue$ExecutionRunner.run(Defau
ltConditionalExecutionQueue.j
ava:133)
	... 2 more


BUILD FAILED in 4s
